/*---------------------------------------------------------------------------*\
| =========                 |                                                 |
| \\      /  F ield         | OpenFOAM: The Open Source CFD Toolbox           |
|  \\    /   O peration     | Version:  2512                                  |
|   \\  /    A nd           | Website:  www.openfoam.com                      |
|    \\/     M anipulation  |                                                 |
\*---------------------------------------------------------------------------*/
Build  : _87ed40d256-20251219 OPENFOAM=2512 version=v2512
Arch   : "LSB;label=32;scalar=64"
Exec   : applyBoundaryLayer -ybl 0.0450244 -parallel
Date   : Sep 30 2026
Time   : 21:30:26
Host   : iris031.hpcadvisorycouncil.com
PID    : 3287414
I/O    : uncollated
Case   : /global/exafs/users/rdmaworkshop30/apac2026/famousBruiser-openfoam/artifacts/ready-N112-scotch
nProcs : 112
Hosts  :
(
    (iris031.hpcadvisorycouncil.com 56)
    (iris032.hpcadvisorycouncil.com 56)
)
Pstream initialized with:
    node communication : on [type=host] (112 ranks, 2 nodes)
    topology controls  : none
    consensus exchange : 0 (tuning: 0)
    exchange algorithm : 0
    commsType          : nonBlocking
    polling iterations : 0
trapFpe: Floating point exception trapping enabled (FOAM_SIGFPE).
memory pool : not available
fileModificationChecking : Monitoring run-time modified files using timeStampMaster (fileModificationSkew 5, maxFileModificationPolls 20)
allowSystemOperations : Allowing user-supplied system call operations

// * * * * * * * * * * * * * * * * * * * * * * * * * * * * * * * * * * * * * //
Create time

Create mesh for time = 0

Reading field U

Calculating wall distance field
Selecting patchDistMethod meshWave

Creating boundary-layer for U of thickness 0.0450244 m

Creating mask field
Setting boundary layer velocity

Writing U


ExecutionTime = 5.4 s  ClockTime = 6 s

End

Finalising parallel run
